1. no suitable constructor to convert from Node<int>* to Node<int>
old - Node<int> root = bt.createBT(arr);
required - Node<int> *root = bt.createBT(arr);